// Jest Snapshot v1, https://goo.gl/fbAQLP

exports[`<ListItem/> Renders without crashing 1`] = `ShallowWrapper {}`;
